[INFO] Scanning for projects...
[INFO] 
[INFO] ------------------< com.famrut:farmer-management-api >------------------
[INFO] Building  0.0.1-SNAPSHOT
[INFO]   from pom.xml
[INFO] --------------------------------[ jar ]---------------------------------
[INFO] 
[INFO] --- clean:3.5.0:clean (default-clean) @ farmer-management-api ---
[INFO] Deleting /workspaces/farmer_management_api/target
[INFO] 
[INFO] >>> spring-boot:4.1.1:run (default-cli) > test-compile @ farmer-management-api >>>
[INFO] 
[INFO] --- resources:3.5.0:resources (default-resources) @ farmer-management-api ---
[INFO] Copying 1 resource from src/main/resources to target/classes
[INFO] Copying 0 resource from src/main/resources to target/classes
[INFO] 
[INFO] --- compiler:3.15.0:compile (default-compile) @ farmer-management-api ---
[INFO] Recompiling the module because of changed source code.
[INFO] Compiling 117 source files with javac [debug parameters release 21] to target/classes
[INFO] -------------------------------------------------------------
[ERROR] COMPILATION ERROR : 
[INFO] -------------------------------------------------------------
[ERROR] /workspaces/farmer_management_api/src/main/java/com/famrut/farmer_management_api/controller/SeasonController.java:[8,38] cannot find symbol
  symbol:   class RestController
  location: package org.springframework.stereotype
[ERROR] /workspaces/farmer_management_api/src/main/java/com/famrut/farmer_management_api/controller/SeasonController.java:[27,2] cannot find symbol
  symbol: class RestController
[INFO] 2 errors 
[INFO] -------------------------------------------------------------
[INFO] ------------------------------------------------------------------------
[INFO] BUILD FAILURE
[INFO] ------------------------------------------------------------------------
[INFO] Total time:  5.120 s
[INFO] Finished at: 2026-09-17T09:06:38Z
[INFO] ------------------------------------------------------------------------
[ERROR] Failed to execute goal org.apache.maven.plugins:maven-compiler-plugin:3.15.0:compile (default-compile) on project farmer-management-api: Compilation failure: Compilation failure: 
[ERROR] /workspaces/farmer_management_api/src/main/java/com/famrut/farmer_management_api/controller/SeasonController.java:[8,38] cannot find symbol
[ERROR]   symbol:   class RestController
[ERROR]   location: package org.springframework.stereotype
[ERROR] /workspaces/farmer_management_api/src/main/java/com/famrut/farmer_management_api/controller/SeasonController.java:[27,2] cannot find symbol
[ERROR]   symbol: class RestController
[ERROR] -> [Help 1]
[ERROR] 
[ERROR] To see the full stack trace of the errors, re-run Maven with the -e switch.
[ERROR] Re-run Maven using the -X switch to enable full debug logging.
[ERROR] 
[ERROR] For more information about the errors and possible solutions, please read the following articles:
[ERROR] [Help 1] http://cwiki.apache.org/confluence/display/MAVEN/MojoFailureException
